2026-07-11T18:39:53.251+05:30  INFO 5640 --- [Brainworks-Admin] [main] in.ad.main.BrainworksAdminApplication    : Starting BrainworksAdminApplication using Java 19.0.2 with PID 5640 (D:\SpringBoot\Microservises\Brainworks-Admin\target\classes started by akash in D:\SpringBoot\Microservises\Brainworks-Admin)
2026-07-11T18:39:53.260+05:30  INFO 5640 --- [Brainworks-Admin] [main] in.ad.main.BrainworksAdminApplication    : No active profile set, falling back to 1 default profile: "default"
2026-07-11T18:39:54.353+05:30  INFO 5640 --- [Brainworks-Admin] [main] .s.d.r.c.RepositoryConfigurationDelegate : Bootstrapping Spring Data JPA repositories in DEFAULT mode.
2026-07-11T18:39:54.455+05:30  INFO 5640 --- [Brainworks-Admin] [main] .s.d.r.c.RepositoryConfigurationDelegate : Finished Spring Data repository scanning in 87 ms. Found 5 JPA repository interfaces.
2026-07-11T18:39:55.201+05:30  INFO 5640 --- [Brainworks-Admin] [main] o.s.boot.tomcat.TomcatWebServer          : Tomcat initialized with port 8081 (http)
2026-07-11T18:39:55.230+05:30  INFO 5640 --- [Brainworks-Admin] [main] o.apache.catalina.core.StandardService   : Starting service [Tomcat]
2026-07-11T18:39:55.231+05:30  INFO 5640 --- [Brainworks-Admin] [main] o.apache.catalina.core.StandardEngine    : Starting Servlet engine: [Apache Tomcat/11.0.22]
2026-07-11T18:39:55.300+05:30  INFO 5640 --- [Brainworks-Admin] [main] b.w.c.s.WebApplicationContextInitializer : Root WebApplicationContext: initialization completed in 1957 ms
2026-07-11T18:39:55.587+05:30  INFO 5640 --- [Brainworks-Admin] [main] org.hibernate.orm.jpa                    : HHH008540: Processing PersistenceUnitInfo [name: default]
2026-07-11T18:39:55.731+05:30  INFO 5640 --- [Brainworks-Admin] [main] org.hibernate.orm.core                   : HHH000001: Hibernate ORM core version 7.2.19.Final
2026-07-11T18:39:56.433+05:30  INFO 5640 --- [Brainworks-Admin] [main] o.s.o.j.p.SpringPersistenceUnitInfo      : No LoadTimeWeaver setup: ignoring JPA class transformer
2026-07-11T18:39:56.494+05:30  INFO 5640 --- [Brainworks-Admin] [main] com.zaxxer.hikari.HikariDataSource       : HikariPool-1 - Starting...
2026-07-11T18:39:57.129+05:30  INFO 5640 --- [Brainworks-Admin] [main] com.zaxxer.hikari.pool.HikariPool        : HikariPool-1 - Added connection com.mysql.cj.jdbc.ConnectionImpl@5f9ebd5a
2026-07-11T18:39:57.133+05:30  INFO 5640 --- [Brainworks-Admin] [main] com.zaxxer.hikari.HikariDataSource       : HikariPool-1 - Start completed.
2026-07-11T18:39:57.352+05:30  INFO 5640 --- [Brainworks-Admin] [main] org.hibernate.orm.connections.pooling    : HHH10001005: Database info:
	Database JDBC URL [jdbc:mysql://localhost:3306/brainworks]
	Database driver: MySQL Connector/J
	Database dialect: MySQLDialect
	Database version: 8.0.45
	Default catalog/schema: brainworks/undefined
	Autocommit mode: undefined/unknown
	Isolation level: REPEATABLE_READ [default REPEATABLE_READ]
	JDBC fetch size: none
	Pool: DataSourceConnectionProvider
	Minimum pool size: undefined/unknown
	Maximum pool size: undefined/unknown
2026-07-11T18:39:58.433+05:30  INFO 5640 --- [Brainworks-Admin] [main] org.hibernate.orm.core                   : HHH000489: No JTA platform available (set 'hibernate.transaction.jta.platform' to enable JTA platform integration)
2026-07-11T18:39:58.561+05:30  INFO 5640 --- [Brainworks-Admin] [main] j.LocalContainerEntityManagerFactoryBean : Initialized JPA EntityManagerFactory for persistence unit 'default'
2026-07-11T18:39:58.646+05:30  INFO 5640 --- [Brainworks-Admin] [main] o.s.d.j.r.query.QueryEnhancerFactories   : Hibernate is in classpath; If applicable, HQL parser will be used.
2026-07-11T18:39:59.659+05:30  WARN 5640 --- [Brainworks-Admin] [main] JpaBaseConfiguration$JpaWebConfiguration : spring.jpa.open-in-view is enabled by default. Therefore, database queries may be performed during view rendering. Explicitly configure spring.jpa.open-in-view to disable this warning
2026-07-11T18:39:59.766+05:30  INFO 5640 --- [Brainworks-Admin] [main] r$InitializeUserDetailsManagerConfigurer : Global AuthenticationManager configured with UserDetailsService bean with name adminService
2026-07-11T18:40:00.476+05:30  INFO 5640 --- [Brainworks-Admin] [main] o.s.boot.tomcat.TomcatWebServer          : Tomcat started on port 8081 (http) with context path '/'
2026-07-11T18:40:00.485+05:30  INFO 5640 --- [Brainworks-Admin] [main] in.ad.main.BrainworksAdminApplication    : Started BrainworksAdminApplication in 7.956 seconds (process running for 9.41)
2026-07-11T18:40:23.033+05:30  INFO 5640 --- [Brainworks-Admin] [http-nio-8081-exec-1] o.a.c.c.C.[Tomcat].[localhost].[/]       : Initializing Spring DispatcherServlet 'dispatcherServlet'
2026-07-11T18:40:23.034+05:30  INFO 5640 --- [Brainworks-Admin] [http-nio-8081-exec-1] o.s.web.servlet.DispatcherServlet        : Initializing Servlet 'dispatcherServlet'
2026-07-11T18:40:23.037+05:30  INFO 5640 --- [Brainworks-Admin] [http-nio-8081-exec-1] o.s.web.servlet.DispatcherServlet        : Completed initialization in 3 ms
2026-07-11T18:40:23.238+05:30  WARN 5640 --- [Brainworks-Admin] [http-nio-8081-exec-1] o.a.c.util.SessionIdGeneratorBase        : Creation of SecureRandom instance for session ID generation using [SHA1PRNG] took [118] milliseconds.
2026-07-11T18:40:46.087+05:30  INFO 5640 --- [Brainworks-Admin] [http-nio-8081-exec-10] in.ad.main.services.StudentService       : Fetching all students
2026-07-11T18:40:46.134+05:30  INFO 5640 --- [Brainworks-Admin] [http-nio-8081-exec-10] in.ad.main.services.StudentService       : Total students found: 11
2026-07-11T18:47:52.102+05:30  INFO 5640 --- [Brainworks-Admin] [http-nio-8081-exec-7] in.ad.main.services.PaymentService       : Payment Approved : Id=22, Student=Akash Ashok Dulange, Course=SpringBoot
2026-07-11T18:50:31.256+05:30  INFO 5640 --- [Brainworks-Admin] [RMI TCP Connection(14)-127.0.0.1] inMXBeanRegistrar$SpringApplicationAdmin : Application shutdown requested.
2026-07-11T18:50:31.278+05:30  INFO 5640 --- [Brainworks-Admin] [RMI TCP Connection(14)-127.0.0.1] o.s.boot.tomcat.GracefulShutdown         : Commencing graceful shutdown. Waiting for active requests to complete
2026-07-11T18:50:31.425+05:30  INFO 5640 --- [Brainworks-Admin] [tomcat-shutdown] o.s.boot.tomcat.GracefulShutdown         : Graceful shutdown complete
2026-07-11T18:50:31.435+05:30  INFO 5640 --- [Brainworks-Admin] [RMI TCP Connection(14)-127.0.0.1] j.LocalContainerEntityManagerFactoryBean : Closing JPA EntityManagerFactory for persistence unit 'default'
2026-07-11T18:50:31.442+05:30  INFO 5640 --- [Brainworks-Admin] [RMI TCP Connection(14)-127.0.0.1] com.zaxxer.hikari.HikariDataSource       : HikariPool-1 - Shutdown initiated...
2026-07-11T18:50:31.457+05:30  INFO 5640 --- [Brainworks-Admin] [RMI TCP Connection(14)-127.0.0.1] com.zaxxer.hikari.HikariDataSource       : HikariPool-1 - Shutdown completed.
